ets Jun  8 2016 00:22:57

rst:0x1 (POWERON_RESET),boot:0x1e (SPI_FAST_FLASH_BOOT)
configsip: 0, SPIWP:0xee
clk_drv:0x00,q_drv:0x00,d_drv:0x00,cs0_drv:0x00,hd_drv:0x00,wp_drv:0x00
mode:DIO, clock div:2
load:0x3fff0030,len:6380
ho 0 tail 12 room 4
load:0x40078000,len:15996
load:0x40080400,len:3860
entry 0x40080630
I (29) boot: ESP-IDF 5.5.0 2nd stage bootloader
I (29) boot: compile time Aug  4 2026 19:38:15
I (29) boot: Multicore bootloader
I (30) boot: chip revision: v1.0
I (33) boot.esp32: SPI Speed      : 40MHz
I (37) boot.esp32: SPI Mode       : DIO
I (40) boot.esp32: SPI Flash Size : 4MB
I (44) boot: Enabling RNG early entropy source...
I (48) boot: Partition Table:
I (51) boot: ## Label            Usage          Type ST Offset   Length
I (57) boot:  0 nvs              WiFi data        01 02 00009000 00004000
I (64) boot:  1 otadata          OTA data         01 00 0000d000 00002000
I (70) boot:  2 phy_init         RF data          01 01 0000f000 00001000
I (77) boot:  3 ota_0            OTA app          00 10 00010000 001b0000
I (83) boot:  4 ota_1            OTA app          00 11 001c0000 001b0000
I (90) boot: End of partition table
I (93) esp_image: segment 0: paddr=00010020 vaddr=3f400020 size=34d98h (216472) map
I (175) esp_image: segment 1: paddr=00044dc0 vaddr=3ff80000 size=00020h (    32) load
I (175) esp_image: segment 2: paddr=00044de8 vaddr=3ffb0000 size=043f4h ( 17396) load
I (185) esp_image: segment 3: paddr=000491e4 vaddr=40080000 size=06e34h ( 28212) load
I (197) esp_image: segment 4: paddr=00050020 vaddr=400d0020 size=ad500h (709888) map
I (440) esp_image: segment 5: paddr=000fd528 vaddr=40086e34 size=131f0h ( 78320) load
I (483) boot: Loaded app from partition at offset 0x10000
I (483) boot: Disabling RNG early entropy source...
I (494) cpu_start: Multicore app
I (502) cpu_start: Pro cpu start user code
I (502) cpu_start: cpu freq: 160000000 Hz
I (502) app_init: Application information:
I (502) app_init: Project name:     HomeAssistantOrchestration
I (508) app_init: App version:      2.0.0
I (511) app_init: Compile time:     Aug  4 2026 19:34:54
I (517) app_init: ELF file SHA256:  efd447bb6...
I (521) app_init: ESP-IDF:          5.5.0
I (525) efuse_init: Min chip rev:     v0.0
I (528) efuse_init: Max chip rev:     v3.99 
I (532) efuse_init: Chip rev:         v1.0
I (537) heap_init: Initializing. RAM available for dynamic allocation:
I (543) heap_init: At 3FFAE6E0 len 00001920 (6 KiB): DRAM
I (548) heap_init: At 3FFB8D88 len 00027278 (156 KiB): DRAM
I (553) heap_init: At 3FFE0440 len 00003AE0 (14 KiB): D/IRAM
I (558) heap_init: At 3FFE4350 len 0001BCB0 (111 KiB): D/IRAM
I (564) heap_init: At 4009A024 len 00005FDC (23 KiB): IRAM
I (571) spi_flash: detected chip: generic
I (573) spi_flash: flash io: dio
I (577) main_task: Started on CPU0
I (587) main_task: Calling app_main()
I (787) display: LCD ID=0x00000000 -> ILI9341
I (1137) wifi:wifi driver task: 3ffc11f4, prio:23, stack:6656, core=0
I (1147) wifi:wifi firmware version: f3dbad7
I (1147) wifi:wifi certification version: v7.0
I (1147) wifi:config NVS flash: enabled
I (1147) wifi:config nano formatting: disabled
I (1157) wifi:Init data frame dynamic rx buffer num: 32
I (1157) wifi:Init static rx mgmt buffer num: 5
I (1157) wifi:Init management short buffer num: 32
I (1167) wifi:Init dynamic tx buffer num: 32
I (1167) wifi:Init static rx buffer size: 1600
I (1177) wifi:Init static rx buffer num: 10
I (1177) wifi:Init dynamic rx buffer num: 32
I (1187) wifi_init: rx ba win: 6
I (1187) wifi_init: accept mbox: 6
I (1187) wifi_init: tcpip mbox: 32
I (1187) wifi_init: udp mbox: 6
I (1197) wifi_init: tcp mbox: 6
I (1197) wifi_init: tcp tx win: 5760
I (1197) wifi_init: tcp rx win: 5760
I (1207) wifi_init: tcp mss: 1440
I (1207) wifi_init: WiFi IRAM OP enabled
I (1207) wifi_init: WiFi RX IRAM OP enabled
I (1217) phy_init: phy_version 4860,6b7a6e5,Feb  6 2025,14:47:07
I (1287) wifi:mode : sta (fc:f5:c4:45:05:f4)
I (1297) wifi:enable tsf
I (1297) wifi: connecting to <WIFI_SSID>
I (1307) wifi:new:<11,0>, old:<1,0>, ap:<255,255>, sta:<11,0>, prof:1, snd_ch_cfg:0x0
I (1307) wifi:state: init -> auth (0xb0)
I (1317) wifi:state: auth -> assoc (0x0)
I (1327) wifi:state: assoc -> run (0x10)
I (1347) wifi:connected with <WIFI_SSID>, aid = 6, channel 11, BW20, bssid = <ROUTER_BSSID>
I (1347) wifi:security: WPA2-PSK, phy: bgn, rssi: -53
I (1347) wifi:pm start, type: 1

I (1347) wifi:dp: 1, bi: 102400, li: 3, scale listen interval from 307200 us to 307200 us
I (1357) wifi:<ba-del>idx:1, tid:0
I (1357) wifi:<ba-add>idx:0 (ifx:0, <ROUTER_BSSID>), tid:7, ssn:2, winSize:64
I (1367) wifi:<ba-add>idx:1 (ifx:0, <ROUTER_BSSID>), tid:0, ssn:0, winSize:64
I (1387) wifi:dp: 2, bi: 102400, li: 4, scale listen interval from 307200 us to 409600 us
I (1387) wifi:AP's beacon interval = 102400 us, DTIM period = 2
I (1897) wifi:<ba-del>idx:1, tid:0
I (1907) wifi:<ba-add>idx:1 (ifx:0, <ROUTER_BSSID>), tid:0, ssn:2, winSize:64
I (1907) wifi:<ba-del>idx:0, tid:7
I (1907) wifi:<ba-add>idx:0 (ifx:0, <ROUTER_BSSID>), tid:7, ssn:2, winSize:64
I (2317) wifi:<ba-del>idx:0, tid:7
I (2317) wifi:<ba-add>idx:0 (ifx:0, <ROUTER_BSSID>), tid:7, ssn:2, winSize:64
I (2697) esp_netif_handlers: sta ip: 192.168.0.12, mask: 255.255.255.0, gw: 192.168.0.1
I (2697) wifi: got IP 192.168.0.12
I (2697) MEAS: temperature,tlscfg,in_out_dyn,16384,4096,0
I (2697) MEAS: temperature,heap,entry,223040,223040,110592
I (2707) MEAS: temperature,heap,pre_start,219932,219932,110592
I (2707) MEAS: temperature,time,start_to_before,1681,1,
I (2927) wifi:<ba-del>idx:0, tid:7
I (2927) wifi:<ba-add>idx:0 (ifx:0, <ROUTER_BSSID>), tid:7, ssn:2, winSize:64
I (3337) wifi:<ba-del>idx:0, tid:7
I (3337) wifi:<ba-add>idx:0 (ifx:0, <ROUTER_BSSID>), tid:7, ssn:2, winSize:64
I (3597) MEAS: temperature,time,connect_span,887804,887,
I (3597) MEAS: temperature,time,connect_total,889485,889,
I (3597) MEAS: temperature,heap,connected,178196,178196,110592
I (3607) MEAS: temperature,heapdelta,retained,41736,,
I (3607) mqtt: connected
I (3637) climate: connected: published 4 temperature sensors
I (3947) wifi:<ba-del>idx:0, tid:7
I (3947) wifi:<ba-add>idx:0 (ifx:0, <ROUTER_BSSID>), tid:7, ssn:2, winSize:64
I (4357) wifi:<ba-del>idx:0, tid:7
I (4357) wifi:<ba-add>idx:0 (ifx:0, <ROUTER_BSSID>), tid:7, ssn:2, winSize:64
I (4967) wifi:<ba-del>idx:0, tid:7
I (4977) wifi:<ba-add>idx:0 (ifx:0, <ROUTER_BSSID>), tid:7, ssn:2, winSize:64
I (5477) esp-x509-crt-bundle: Certificate validated
I (5587) wifi:<ba-del>idx:0, tid:7
I (5587) wifi:<ba-add>idx:0 (ifx:0, <ROUTER_BSSID>), tid:7, ssn:2, winSize:64
I (5997) wifi:<ba-del>idx:0, tid:7
I (6007) wifi:<ba-add>idx:0 (ifx:0, <ROUTER_BSSID>), tid:7, ssn:2, winSize:64
I (6427) wifi:<ba-del>idx:0, tid:7
I (6427) wifi:<ba-add>idx:0 (ifx:0, <ROUTER_BSSID>), tid:7, ssn:2, winSize:64
E (6507) ota: manifest: empty body
I (7017) wifi:<ba-del>idx:0, tid:7
I (7027) wifi:<ba-add>idx:0 (ifx:0, <ROUTER_BSSID>), tid:7, ssn:2, winSize:64
I (7637) wifi:<ba-del>idx:0, tid:7
I (7637) wifi:<ba-add>idx:0 (ifx:0, <ROUTER_BSSID>), tid:7, ssn:2, winSize:64
I (8047) wifi:<ba-del>idx:0, tid:7
I (8047) wifi:<ba-add>idx:0 (ifx:0, <ROUTER_BSSID>), tid:7, ssn:2, winSize:64
I (8607) MEAS: temperature,heap,low_water_5s,135820,,
I (8657) wifi:<ba-del>idx:0, tid:7
I (8657) wifi:<ba-add>idx:0 (ifx:0, <ROUTER_BSSID>), tid:7, ssn:2, winSize:64
I (9067) wifi:<ba-del>idx:0, tid:7
I (9077) wifi:<ba-add>idx:0 (ifx:0, <ROUTER_BSSID>), tid:7, ssn:2, winSize:64
I (9677) wifi:<ba-del>idx:0, tid:7
I (9687) wifi:<ba-add>idx:0 (ifx:0, <ROUTER_BSSID>), tid:7, ssn:2, winSize:64
I (10097) wifi:<ba-del>idx:0, tid:7
I (10097) wifi:<ba-add>idx:0 (ifx:0, <ROUTER_BSSID>), tid:7, ssn:2, winSize:64
I (10707) wifi:<ba-del>idx:0, tid:7
I (10707) wifi:<ba-add>idx:0 (ifx:0, <ROUTER_BSSID>), tid:7, ssn:2, winSize:64
I (11117) wifi:<ba-del>idx:0, tid:7
I (11117) wifi:<ba-add>idx:0 (ifx:0, <ROUTER_BSSID>), tid:7, ssn:2, winSize:64
I (11727) wifi:<ba-del>idx:0, tid:7
I (11737) wifi:<ba-add>idx:0 (ifx:0, <ROUTER_BSSID>), tid:7, ssn:2, winSize:64
I (12347) wifi:<ba-del>idx:0, tid:7
I (12347) wifi:<ba-add>idx:0 (ifx:0, <ROUTER_BSSID>), tid:7, ssn:2, winSize:64
I (12757) wifi:<ba-del>idx:0, tid:7
I (12757) wifi:<ba-add>idx:0 (ifx:0, <ROUTER_BSSID>), tid:7, ssn:2, winSize:64
I (13367) wifi:<ba-del>idx:0, tid:7
I (13367) wifi:<ba-add>idx:0 (ifx:0, <ROUTER_BSSID>), tid:7, ssn:2, winSize:64
I (13777) wifi:<ba-del>idx:0, tid:7
I (13787) wifi:<ba-add>idx:0 (ifx:0, <ROUTER_BSSID>), tid:7, ssn:2, winSize:64
I (14387) wifi:<ba-del>idx:0, tid:7
I (14397) wifi:<ba-add>idx:0 (ifx:0, <ROUTER_BSSID>), tid:7, ssn:2, winSize:64
I (14907) wifi:<ba-del>idx:0, tid:7
I (14907) wifi:<ba-add>idx:0 (ifx:0, <ROUTER_BSSID>), tid:7, ssn:2, winSize:64
I (15417) wifi:<ba-del>idx:0, tid:7
I (15417) wifi:<ba-add>idx:0 (ifx:0, <ROUTER_BSSID>), tid:7, ssn:2, winSize:64
I (15827) wifi:<ba-del>idx:0, tid:7
I (15827) wifi:<ba-add>idx:0 (ifx:0, <ROUTER_BSSID>), tid:7, ssn:2, winSize:64
I (16437) wifi:<ba-del>idx:0, tid:7
I (16447) wifi:<ba-add>idx:0 (ifx:0, <ROUTER_BSSID>), tid:7, ssn:2, winSize:64
I (16857) wifi:<ba-del>idx:0, tid:7
I (16857) wifi:<ba-add>idx:0 (ifx:0, <ROUTER_BSSID>), tid:7, ssn:2, winSize:64
I (17467) wifi:<ba-del>idx:0, tid:7
I (17467) wifi:<ba-add>idx:0 (ifx:0, <ROUTER_BSSID>), tid:7, ssn:2, winSize:64
I (18077) wifi:<ba-del>idx:0, tid:7
I (18077) wifi:<ba-add>idx:0 (ifx:0, <ROUTER_BSSID>), tid:7, ssn:2, winSize:64
I (18487) wifi:<ba-del>idx:0, tid:7
I (18487) wifi:<ba-add>idx:0 (ifx:0, <ROUTER_BSSID>), tid:7, ssn:2, winSize:64
I (19107) wifi:<ba-del>idx:0, tid:7
I (19107) wifi:<ba-add>idx:0 (ifx:0, <ROUTER_BSSID>), tid:7, ssn:2, winSize:64
I (19507) wifi:<ba-del>idx:0, tid:7
I (19517) wifi:<ba-add>idx:0 (ifx:0, <ROUTER_BSSID>), tid:7, ssn:2, winSize:64
I (20127) wifi:<ba-del>idx:0, tid:7
I (20127) wifi:<ba-add>idx:0 (ifx:0, <ROUTER_BSSID>), tid:7, ssn:2, winSize:64
I (20537) wifi:<ba-del>idx:0, tid:7
I (20537) wifi:<ba-add>idx:0 (ifx:0, <ROUTER_BSSID>), tid:7, ssn:2, winSize:64
I (21157) wifi:<ba-del>idx:0, tid:7
I (21157) wifi:<ba-add>idx:0 (ifx:0, <ROUTER_BSSID>), tid:7, ssn:2, winSize:64
